// Vitest Snapshot v1, https://vitest.dev/guide/snapshot.html

exports[`/+page.svelte > renders correct <head> snapshot 1`] = `
"<title>Home Page</title><link rel="canonical" href="https://example.com"> <meta name="description" content="This is the description for the Home Page"><!----> <meta name="keywords" content="sveltekit, components, tests, jest"><!----> <!----><meta property="og:type" content="website"> <meta property="og:url" content="https://example.com"> <meta property="og:title" content="Home Page"> <meta property="og:description" content="This is the description for the Home Page"><!----> <!----> <!----><!----> <!----><!----><meta property="twitter:card" content="summary"> <meta property="twitter:title" content="Home Page"> <!----> <meta property="twitter:description" content="This is the description for the Home Page"><!----> <!----> <!----> <!----><!----><!----><script type="application/ld+json" data-testid="jsonld-website">{
  "@context": "https://schema.org",
  "@type": "WebSite",
  "@id": "https://example.com/#website",
  "name": "example.com",
  "url": "https://example.com",
  "description": "Example.com is your perfect fit.",
  "keywords": [
    "sveltekit, components, tests, jest"
  ],
  "inLanguage": "en-GB",
  "license": "MIT License @ 2021-present example.com",
  "sameAs": [
    "https://github.com/examplecom"
  ],
  "creator": {
    "@type": "Person",
    "name": "username",
    "email": "github@example.com",
    "url": "https://yourwebgarder.com",
    "address": {
      "@type": "PostalAddress",
      "addressLocality": "City",
      "streetAddress": "somewhere 101"
    },
    "jobTitle": "webmaster"
  }
}</script><!----><script type="application/ld+json" data-testid="jsonld-sitenavigationelements">{
  "@context": "https://schema.org",
  "@type": "ItemList",
  "itemListElement": [
    {
      "@type": "SiteNavigationElement",
      "position": 1,
      "name": "Home",
      "url": "https://example.com/"
    },
    {
      "@type": "SiteNavigationElement",
      "position": 2,
      "name": "About",
      "url": "https://example.com/about"
    },
    {
      "@type": "SiteNavigationElement",
      "position": 3,
      "name": "GitHub",
      "url": "https://github.com/indaco"
    }
  ]
}</script><!----><script type="application/ld+json" data-testid="jsonld-webpage">{
  "@context": "https://schema.org",
  "@type": "WebPage",
  "name": "Home Page",
  "description": "This is the description for the Home Page",
  "keywords": [
    "sveltekit, components, tests, jest"
  ]
}</script>"
`;
